/Users/theoamvr/Desktop/Experiments/TomLearning/cca/scripts/plot_landmark.py:202: UserWarning: This figure includes Axes that are not compatible with tight_layout, so results might be incorrect.
  fig.tight_layout()
/opt/anaconda3/lib/python3.11/site-packages/scipy/stats/_morestats.py:4088: UserWarning: Exact p-value calculation does not work if there are zeros. Switching to normal approximation.
  warnings.warn("Exact p-value calculation does not work if there are "
/opt/anaconda3/lib/python3.11/site-packages/scipy/stats/_morestats.py:4102: UserWarning: Sample size too small for normal approximation.
  warnings.warn("Sample size too small for normal approximation.")
/opt/anaconda3/lib/python3.11/site-packages/scipy/stats/_morestats.py:4088: UserWarning: Exact p-value calculation does not work if there are zeros. Switching to normal approximation.
  warnings.warn("Exact p-value calculation does not work if there are "
/opt/anaconda3/lib/python3.11/site-packages/scipy/stats/_morestats.py:4102: UserWarning: Sample size too small for normal approximation.
  warnings.warn("Sample size too small for normal approximation.")
/Users/theoamvr/Desktop/Experiments/TomLearning/cca/scripts/plot_landmark.py:202: UserWarning: This figure includes Axes that are not compatible with tight_layout, so results might be incorrect.
  fig.tight_layout()
[plot_landmark] tag=landmark50_res_var85: 50 fits, 8 pairs -> /Users/theoamvr/Desktop/Experiments/TomLearning/cca/figures/landmark50_res_var85
  wrote /Users/theoamvr/Desktop/Experiments/TomLearning/cca/figures/landmark50_res_var85/coverage_landmark50_res_var85.png
  wrote /Users/theoamvr/Desktop/Experiments/TomLearning/cca/figures/landmark50_res_var85/stage2_comm_strength_landmark50_res_var85.png
  wrote /Users/theoamvr/Desktop/Experiments/TomLearning/cca/figures/landmark50_res_var85/stage2_subspace_dim_landmark50_res_var85.png
  wrote /Users/theoamvr/Desktop/Experiments/TomLearning/cca/figures/landmark50_res_var85/stage2_lag_curves_landmark50_res_var85.png
  wrote /Users/theoamvr/Desktop/Experiments/TomLearning/cca/figures/landmark50_res_var85/stage2_per_landmark_landmark50_res_var85.png
  wrote /Users/theoamvr/Desktop/Experiments/TomLearning/cca/figures/landmark50_res_var85/stage2_ifi_win01_landmark50_res_var85.png
  wrote /Users/theoamvr/Desktop/Experiments/TomLearning/cca/figures/landmark50_res_var85/stage2_ifi_win02_landmark50_res_var85.png
  wrote /Users/theoamvr/Desktop/Experiments/TomLearning/cca/figures/landmark50_res_var85/stage2_ifi_win03_landmark50_res_var85.png
  wrote /Users/theoamvr/Desktop/Experiments/TomLearning/cca/figures/landmark50_res_var85/stage2_ifi_win04_landmark50_res_var85.png
  wrote /Users/theoamvr/Desktop/Experiments/TomLearning/cca/figures/landmark50_res_var85/stage2_ifi_win05_landmark50_res_var85.png
/opt/anaconda3/lib/python3.11/site-packages/scipy/stats/_morestats.py:4088: UserWarning: Exact p-value calculation does not work if there are zeros. Switching to normal approximation.
  warnings.warn("Exact p-value calculation does not work if there are "
/opt/anaconda3/lib/python3.11/site-packages/scipy/stats/_morestats.py:4102: UserWarning: Sample size too small for normal approximation.
  warnings.warn("Sample size too small for normal approximation.")
wrote /Users/theoamvr/Desktop/Experiments/TomLearning/cca/results/learning_changes_landmark50_res_var85.csv
wrote /Users/theoamvr/Desktop/Experiments/TomLearning/cca/figures/landmark50_res_var85/learning_changes_perlandmark_mi.png
wrote /Users/theoamvr/Desktop/Experiments/TomLearning/cca/figures/landmark50_res_var85/learning_changes_perlandmark_ifi.png
wrote /Users/theoamvr/Desktop/Experiments/TomLearning/cca/figures/landmark50_res_var85/learning_changes_pooled.png

Pooled per-pair survivors (FDR < q):
  mi_sig  expert-naive:
    CA1-V1: n=60, med Δ=-0.226, p=0.0018
    CA1-CA3: n=36, med Δ=-0.190, p=0.0259
    CA1-RSC: n=48, med Δ=-0.138, p=0.0092
    V1-RSC: n=36, med Δ=-0.164, p=0.0076
    RSC-SUB: n=24, med Δ=-0.451, p=0.0064
  mi_sig  intermediate-naive:
    CA1-V1: n=60, med Δ=-0.151, p=0.0091
    CA1-DG: n=48, med Δ=-0.289, p=0.0082
    CA1-RSC: n=48, med Δ=-0.079, p=0.0204
    V1-RSC: n=36, med Δ=-0.304, p=0.0002
    RSC-SUB: n=24, med Δ=-0.699, p=0.0057
