/Users/theoamvr/Desktop/Experiments/TomLearning/cca/scripts/plot_landmark.py:202: UserWarning: This figure includes Axes that are not compatible with tight_layout, so results might be incorrect.
  fig.tight_layout()
/opt/anaconda3/lib/python3.11/site-packages/scipy/stats/_morestats.py:4088: UserWarning: Exact p-value calculation does not work if there are zeros. Switching to normal approximation.
  warnings.warn("Exact p-value calculation does not work if there are "
/opt/anaconda3/lib/python3.11/site-packages/scipy/stats/_morestats.py:4102: UserWarning: Sample size too small for normal approximation.
  warnings.warn("Sample size too small for normal approximation.")
/opt/anaconda3/lib/python3.11/site-packages/scipy/stats/_morestats.py:4088: UserWarning: Exact p-value calculation does not work if there are zeros. Switching to normal approximation.
  warnings.warn("Exact p-value calculation does not work if there are "
/opt/anaconda3/lib/python3.11/site-packages/scipy/stats/_morestats.py:4102: UserWarning: Sample size too small for normal approximation.
  warnings.warn("Sample size too small for normal approximation.")
/Users/theoamvr/Desktop/Experiments/TomLearning/cca/scripts/plot_landmark.py:202: UserWarning: This figure includes Axes that are not compatible with tight_layout, so results might be incorrect.
  fig.tight_layout()
/opt/anaconda3/lib/python3.11/site-packages/scipy/stats/_morestats.py:4088: UserWarning: Exact p-value calculation does not work if there are zeros. Switching to normal approximation.
  warnings.warn("Exact p-value calculation does not work if there are "
/opt/anaconda3/lib/python3.11/site-packages/scipy/stats/_morestats.py:4088: UserWarning: Exact p-value calculation does not work if there are zeros. Switching to normal approximation.
  warnings.warn("Exact p-value calculation does not work if there are "
/opt/anaconda3/lib/python3.11/site-packages/scipy/stats/_morestats.py:4088: UserWarning: Exact p-value calculation does not work if there are zeros. Switching to normal approximation.
  warnings.warn("Exact p-value calculation does not work if there are "
/opt/anaconda3/lib/python3.11/site-packages/scipy/stats/_morestats.py:4088: UserWarning: Exact p-value calculation does not work if there are zeros. Switching to normal approximation.
  warnings.warn("Exact p-value calculation does not work if there are "
/opt/anaconda3/lib/python3.11/site-packages/scipy/stats/_morestats.py:4088: UserWarning: Exact p-value calculation does not work if there are zeros. Switching to normal approximation.
  warnings.warn("Exact p-value calculation does not work if there are "
/opt/anaconda3/lib/python3.11/site-packages/scipy/stats/_morestats.py:4088: UserWarning: Exact p-value calculation does not work if there are zeros. Switching to normal approximation.
  warnings.warn("Exact p-value calculation does not work if there are "
/opt/anaconda3/lib/python3.11/site-packages/scipy/stats/_morestats.py:4088: UserWarning: Exact p-value calculation does not work if there are zeros. Switching to normal approximation.
  warnings.warn("Exact p-value calculation does not work if there are "
/opt/anaconda3/lib/python3.11/site-packages/scipy/stats/_morestats.py:4088: UserWarning: Exact p-value calculation does not work if there are zeros. Switching to normal approximation.
  warnings.warn("Exact p-value calculation does not work if there are "
/opt/anaconda3/lib/python3.11/site-packages/scipy/stats/_morestats.py:4088: UserWarning: Exact p-value calculation does not work if there are zeros. Switching to normal approximation.
  warnings.warn("Exact p-value calculation does not work if there are "
/opt/anaconda3/lib/python3.11/site-packages/scipy/stats/_morestats.py:4088: UserWarning: Exact p-value calculation does not work if there are zeros. Switching to normal approximation.
  warnings.warn("Exact p-value calculation does not work if there are "
/opt/anaconda3/lib/python3.11/site-packages/scipy/stats/_morestats.py:4088: UserWarning: Exact p-value calculation does not work if there are zeros. Switching to normal approximation.
  warnings.warn("Exact p-value calculation does not work if there are "
/opt/anaconda3/lib/python3.11/site-packages/scipy/stats/_morestats.py:4088: UserWarning: Exact p-value calculation does not work if there are zeros. Switching to normal approximation.
  warnings.warn("Exact p-value calculation does not work if there are "
/opt/anaconda3/lib/python3.11/site-packages/scipy/stats/_morestats.py:4088: UserWarning: Exact p-value calculation does not work if there are zeros. Switching to normal approximation.
  warnings.warn("Exact p-value calculation does not work if there are "
/opt/anaconda3/lib/python3.11/site-packages/scipy/stats/_morestats.py:4088: UserWarning: Exact p-value calculation does not work if there are zeros. Switching to normal approximation.
  warnings.warn("Exact p-value calculation does not work if there are "
/opt/anaconda3/lib/python3.11/site-packages/scipy/stats/_morestats.py:4088: UserWarning: Exact p-value calculation does not work if there are zeros. Switching to normal approximation.
  warnings.warn("Exact p-value calculation does not work if there are "
/opt/anaconda3/lib/python3.11/site-packages/scipy/stats/_morestats.py:4088: UserWarning: Exact p-value calculation does not work if there are zeros. Switching to normal approximation.
  warnings.warn("Exact p-value calculation does not work if there are "
/opt/anaconda3/lib/python3.11/site-packages/scipy/stats/_morestats.py:4088: UserWarning: Exact p-value calculation does not work if there are zeros. Switching to normal approximation.
  warnings.warn("Exact p-value calculation does not work if there are "
[plot_landmark] tag=landmark25_res_samp25: 50 fits, 8 pairs -> /Users/theoamvr/Desktop/Experiments/TomLearning/cca/figures/landmark25_res_samp25
  wrote /Users/theoamvr/Desktop/Experiments/TomLearning/cca/figures/landmark25_res_samp25/coverage_landmark25_res_samp25.png
  wrote /Users/theoamvr/Desktop/Experiments/TomLearning/cca/figures/landmark25_res_samp25/stage2_comm_strength_landmark25_res_samp25.png
  wrote /Users/theoamvr/Desktop/Experiments/TomLearning/cca/figures/landmark25_res_samp25/stage2_subspace_dim_landmark25_res_samp25.png
  wrote /Users/theoamvr/Desktop/Experiments/TomLearning/cca/figures/landmark25_res_samp25/stage2_lag_curves_landmark25_res_samp25.png
  wrote /Users/theoamvr/Desktop/Experiments/TomLearning/cca/figures/landmark25_res_samp25/stage2_per_landmark_landmark25_res_samp25.png
  wrote /Users/theoamvr/Desktop/Experiments/TomLearning/cca/figures/landmark25_res_samp25/stage2_ifi_win01_landmark25_res_samp25.png
  wrote /Users/theoamvr/Desktop/Experiments/TomLearning/cca/figures/landmark25_res_samp25/stage2_ifi_win02_landmark25_res_samp25.png
  wrote /Users/theoamvr/Desktop/Experiments/TomLearning/cca/figures/landmark25_res_samp25/stage2_ifi_win03_landmark25_res_samp25.png
  wrote /Users/theoamvr/Desktop/Experiments/TomLearning/cca/figures/landmark25_res_samp25/stage2_ifi_win04_landmark25_res_samp25.png
  wrote /Users/theoamvr/Desktop/Experiments/TomLearning/cca/figures/landmark25_res_samp25/stage2_ifi_win05_landmark25_res_samp25.png
  wrote /Users/theoamvr/Desktop/Experiments/TomLearning/cca/figures/landmark25_res_samp25/stage2_ifi_win06_landmark25_res_samp25.png
  wrote /Users/theoamvr/Desktop/Experiments/TomLearning/cca/figures/landmark25_res_samp25/stage2_ifi_win07_landmark25_res_samp25.png
  wrote /Users/theoamvr/Desktop/Experiments/TomLearning/cca/figures/landmark25_res_samp25/stage2_ifi_win08_landmark25_res_samp25.png
  wrote /Users/theoamvr/Desktop/Experiments/TomLearning/cca/figures/landmark25_res_samp25/stage2_ifi_win09_landmark25_res_samp25.png
  wrote /Users/theoamvr/Desktop/Experiments/TomLearning/cca/figures/landmark25_res_samp25/stage2_ifi_win10_landmark25_res_samp25.png
/opt/anaconda3/lib/python3.11/site-packages/scipy/stats/_morestats.py:4088: UserWarning: Exact p-value calculation does not work if there are zeros. Switching to normal approximation.
  warnings.warn("Exact p-value calculation does not work if there are "
/opt/anaconda3/lib/python3.11/site-packages/scipy/stats/_morestats.py:4102: UserWarning: Sample size too small for normal approximation.
  warnings.warn("Sample size too small for normal approximation.")
wrote /Users/theoamvr/Desktop/Experiments/TomLearning/cca/results/learning_changes_landmark25_res_samp25.csv
wrote /Users/theoamvr/Desktop/Experiments/TomLearning/cca/figures/landmark25_res_samp25/learning_changes_perlandmark_mi.png
wrote /Users/theoamvr/Desktop/Experiments/TomLearning/cca/figures/landmark25_res_samp25/learning_changes_perlandmark_ifi.png
wrote /Users/theoamvr/Desktop/Experiments/TomLearning/cca/figures/landmark25_res_samp25/learning_changes_pooled.png

Pooled per-pair survivors (FDR < q):
  ifi_weighted  expert-intermediate:
    CA1-RSC: n=48, med Δ=-0.089, p=0.0011
