=== FS-EXCLUDED (with split-half) ===
Frame A FULL suite | ALL 16 animals (12 learners) | bin=25ms window=30 step=15 K=30 pCCA lag+-10 shuffles=20

  animal 28 (L): 32 window-rows (32 total)
  animal 34 (L): 7 window-rows (39 total)
  animal 36 (L): 4 window-rows (43 total)
  animal 41 (L): 10 window-rows (53 total)
  animal 52 (L): 30 window-rows (83 total)
  animal 61 (L): 35 window-rows (118 total)
  animal 63 (L): 20 window-rows (138 total)
  animal 66 (L): 66 window-rows (204 total)
  animal 68 (L): 64 window-rows (268 total)
  animal 70 (n): 12 window-rows (280 total)
  animal 71 (n): 104 window-rows (384 total)
  animal 73 (L): 78 window-rows (462 total)
  animal 75 (L): 36 window-rows (498 total)
  animal 77 (L): 66 window-rows (564 total)
  animal 98 (n): 6 window-rows (570 total)
  animal 100 (n): 66 window-rows (636 total)

wrote /Users/theoamvr/Desktop/Experiments/TomLearning/cca/results/trajectory_windows.csv (636 rows). Analyse with scripts/analyze_trajectory.py
=== FS-INCLUDED ===
Frame A FULL suite | ALL 16 animals (12 learners) | bin=25ms window=30 step=15 K=30 pCCA lag+-10 shuffles=20

  animal 28 (L): 32 window-rows (32 total)
  animal 34 (L): 7 window-rows (39 total)
  animal 36 (L): 8 window-rows (47 total)
  animal 41 (L): 10 window-rows (57 total)
  animal 52 (L): 30 window-rows (87 total)
  animal 61 (L): 36 window-rows (123 total)
  animal 63 (L): 20 window-rows (143 total)
  animal 66 (L): 66 window-rows (209 total)
  animal 68 (L): 64 window-rows (273 total)
  animal 70 (n): 12 window-rows (285 total)
  animal 71 (n): 104 window-rows (389 total)
  animal 73 (L): 78 window-rows (467 total)
  animal 75 (L): 36 window-rows (503 total)
  animal 77 (L): 66 window-rows (569 total)
  animal 98 (n): 12 window-rows (581 total)
  animal 100 (n): 66 window-rows (647 total)

wrote /Users/theoamvr/Desktop/Experiments/TomLearning/cca/results/trajectory_windows.csv (647 rows). Analyse with scripts/analyze_trajectory.py
ALLDONE
