START Wed Jul 29 00:05:08 BST 2026
LAG SUBSPACES | bin=10ms smooth=2.5ms K=30 | 21 lags, tau=5 bins | FS=excl

  animal 28 (L): 84 rows total
  animal 34 (L): 126 rows total
  animal 36 (L): 147 rows total
  animal 41 (L): 189 rows total
  animal 52 (L): 315 rows total
  animal 61 (L): 441 rows total
  animal 63 (L): 462 rows total
  animal 66 (L): 588 rows total
  animal 68 (L): 672 rows total
  animal 70 (n): 798 rows total
  animal 71 (n): 966 rows total
  animal 73 (L): 1092 rows total
  animal 75 (L): 1218 rows total
  animal 77 (L): 1344 rows total
  animal 98 (n): 1365 rows total
  animal 100 (n): 1491 rows total

-> /Users/theoamvr/Desktop/Experiments/TomLearning/cca/results/lag_subspaces_bin10.csv
DONE session-excl Wed Jul 29 00:37:15 BST 2026
LAG SUBSPACES | bin=10ms smooth=2.5ms K=30 | 21 lags, tau=5 bins | FS=incl

  animal 28 (L): 84 rows total
  animal 34 (L): 126 rows total
  animal 36 (L): 168 rows total
  animal 41 (L): 210 rows total
  animal 52 (L): 336 rows total
  animal 61 (L): 462 rows total
  animal 63 (L): 483 rows total
  animal 66 (L): 609 rows total
  animal 68 (L): 693 rows total
  animal 70 (n): 819 rows total
  animal 71 (n): 987 rows total
  animal 73 (L): 1113 rows total
  animal 75 (L): 1239 rows total
  animal 77 (L): 1365 rows total
  animal 98 (n): 1407 rows total
  animal 100 (n): 1533 rows total

-> /Users/theoamvr/Desktop/Experiments/TomLearning/cca/results/lag_subspaces_bin10_fsincl.csv
DONE session-incl Wed Jul 29 01:09:48 BST 2026
LAG SUBSPACES | bin=10ms smooth=2.5ms K=30 | 21 lags, tau=5 bins | FS=excl

