=== START smoothed(2.5ms) fsincl Tue Jun 16 13:58:55 BST 2026 ===
[1/4] ifi-sweep Tue Jun 16 13:58:55 BST 2026
IFI-WINDOW sweep | bin=10ms K=30 max_lag=25 (250 ms) | FS=incl

  animal 28: done (100 rows)
  animal 34: done (150 rows)
  animal 36: done (200 rows)
  animal 41: done (250 rows)
  animal 52: done (400 rows)
  animal 61: done (550 rows)
  animal 63: done (575 rows)
  animal 66: done (725 rows)
  animal 68: done (825 rows)
  animal 70: done (975 rows)
  animal 71: done (1175 rows)
  animal 73: done (1325 rows)
  animal 75: done (1475 rows)
  animal 77: done (1625 rows)
  animal 98: done (1675 rows)
  animal 100: done (1825 rows)

-> /Users/theoamvr/Desktop/Experiments/TomLearning/cca/results/ifi_windows_bin10_fsincl.csv
[2/4] trajectory Tue Jun 16 20:01:33 BST 2026
Frame A FULL suite | ALL 16 animals (12 learners) | bin=10ms window=15 step=5 K=30 pCCA lag+-5 (50ms) shuffles=100

  animal 28 (L): 100 window-rows (100 total)
  animal 34 (L): 26 window-rows (126 total)
  animal 36 (L): 26 window-rows (152 total)
  animal 41 (L): 37 window-rows (189 total)
  animal 52 (L): 96 window-rows (285 total)
  animal 61 (L): 114 window-rows (399 total)
  animal 63 (L): 61 window-rows (460 total)
  animal 66 (L): 198 window-rows (658 total)
  animal 68 (L): 192 window-rows (850 total)
  animal 70 (n): 30 window-rows (880 total)
  animal 71 (n): 312 window-rows (1192 total)
  animal 73 (L): 240 window-rows (1432 total)
  animal 75 (L): 108 window-rows (1540 total)
  animal 77 (L): 192 window-rows (1732 total)
  animal 98 (n): 34 window-rows (1766 total)
  animal 100 (n): 192 window-rows (1958 total)

wrote /Users/theoamvr/Desktop/Experiments/TomLearning/cca/results/trajectory_w15_bin10_fsincl.csv (1958 rows) + trajectory_w15_bin10_dims_fsincl.csv (41359 dim-rows). Analyse with scripts/analyze_trajectory.py
[3/4] epochs Wed Jun 17 00:44:28 BST 2026
Epochs (naive/intermediate/expert) | bin=10ms K=20 pCCA | FS included

  animal 28: lp=69 12 rows
  animal 34: lp=48 6 rows
  animal 36: lp=28 6 rows
  animal 41: lp=29 6 rows
  animal 52: lp=36 18 rows
  animal 61: lp=88 18 rows
  animal 63: lp=107 3 rows
  animal 66: lp=28 18 rows
  animal 68: lp=42 12 rows
  animal 73: lp=59 18 rows
  animal 75: lp=31 18 rows
  animal 77: lp=49 18 rows

wrote /Users/theoamvr/Desktop/Experiments/TomLearning/cca/results/epoch_metrics_bin10_fsincl.csv (153 rows) + /Users/theoamvr/Desktop/Experiments/TomLearning/cca/results/epoch_dims_bin10_fsincl.csv (2529 dim-rows). Analyse with scripts/analyze_epochs.py / analyze_dims_as_n.py
[4/4] transition Wed Jun 17 01:19:51 BST 2026
Uncued->cued transition (full suite) | K=15 pCCA, sample-matched

  animal 41 (L): uncued_run=28951 bins, 2 pairs
  animal 52 (L): uncued_run=30955 bins, 6 pairs
  animal 61 (L): uncued_run=10534 bins, 6 pairs
  animal 63 (L): uncued_run=11192 bins, 1 pairs
  animal 66 (L): uncued_run=13557 bins, 6 pairs
  animal 68 (L): uncued_run=10297 bins, 4 pairs
  animal 70 (n): uncued_run=31704 bins, 0 pairs
  animal 71 (n): uncued_run=13056 bins, 8 pairs
  animal 73 (L): uncued_run=21063 bins, 6 pairs
  animal 75 (L): uncued_run=12835 bins, 6 pairs
  animal 77 (L): uncued_run=12269 bins, 6 pairs
  animal 98 (n): uncued_run=16394 bins, 2 pairs
  animal 100 (n): uncued_run=10815 bins, 6 pairs

wrote /Users/theoamvr/Desktop/Experiments/TomLearning/cca/results/transition_uncued_cued_bin10_fsincl.csv (59 rows)

wrote /Users/theoamvr/Desktop/Experiments/TomLearning/cca/results/transition_dims_bin10_fsincl.csv (807 dim-rows)

Transition: delta = cued - uncued (sign test); rot = uncued->cued subspace angle

=== ANIMALS-as-n (the inferential unit) ===
[all]
  CA1-RSC   n=11 rot_x= 84.1deg | d_cc1=+0.015p=0.7  | d_n_sig=+0.000p=1  | d_mi_sig=+0.000p=0.82  | d_ifi=+0.037p=0.24 
  CA1-CA3   n=6  rot_x= 72.5deg | d_cc1=-0.159p=0.16  | d_n_sig=+1.000p=0.44  | d_mi_sig=+0.023p=0.44  | d_ifi=+0.010p=0.69 
  CA1-DG    n=9  rot_x= 77.1deg | d_cc1=+0.055p=0.25  | d_n_sig=+0.000p=0.12  | d_mi_sig=+0.021p=0.055  | d_ifi=+0.027p=0.57 
  CA1-V1    n=9  rot_x= 84.8deg | d_cc1=-0.006p=1  | d_n_sig=+0.000p=0.22  | d_mi_sig=+0.045p=0.16  | d_ifi=-0.017p=0.5 
  CA3-DG    n=4  rot_x= 78.8deg | d_cc1=-0.010p=0.88  | d_n_sig=+2.500p=0.38  | d_mi_sig=+0.107p=0.38  | d_ifi=+0.053p=0.38 
  CA1-SUB   n=6  rot_x= 87.1deg | d_cc1=+0.075p=0.094  | d_n_sig=+1.000p=0.25  | d_mi_sig=+0.000p=0.62  | d_ifi=+0.007p=0.84 
  RSC-SUB   n=6  rot_x= 88.2deg | d_cc1=+0.108p=0.062  | d_n_sig=+0.500p=0.81  | d_mi_sig=+0.007p=0.31  | d_ifi=-0.016p=0.31 
  V1-RSC    n=8  rot_x= 79.9deg | d_cc1=+0.016p=0.84  | d_n_sig=-0.500p=0.94  | d_mi_sig=+0.010p=0.46  | d_ifi=-0.016p=0.2 
[learners]
  CA1-RSC   n=8  rot_x= 85.8deg | d_cc1=+0.015p=0.74  | d_n_sig=-0.500p=0.69  | d_mi_sig=+0.000p=1  | d_ifi=+0.030p=0.25 
  CA1-CA3   n=4  rot_x= 74.9deg | d_cc1=-0.159p=0.25  | d_n_sig=-0.500p=1  | d_mi_sig=-0.001p=1  | d_ifi=+0.001p=0.88 
  CA1-DG    n=7  rot_x= 83.3deg | d_cc1=+0.055p=0.58  | d_n_sig=+0.000p=0.25  | d_mi_sig=+0.021p=0.16  | d_ifi=+0.045p=0.22 
  CA1-V1    n=7  rot_x= 84.5deg | d_cc1=-0.006p=1  | d_n_sig=+0.000p=0.38  | d_mi_sig=+0.023p=0.62  | d_ifi=-0.016p=0.81 
  CA3-DG    n=3  rot_x= 73.9deg | d_cc1=-0.067p=0.5  | d_n_sig=+1.000p=0.75  | d_mi_sig=+0.008p=0.75  | d_ifi=+0.019p=0.75 
  CA1-SUB   n=4  rot_x= 86.5deg | d_cc1=+0.075p=0.12  | d_n_sig=+1.000p=nan  | d_mi_sig=+0.011p=0.25  | d_ifi=-0.003p=1 
  RSC-SUB   n=4  rot_x= 89.0deg | d_cc1=+0.098p=0.25  | d_n_sig=+0.000p=1  | d_mi_sig=+0.001p=0.88  | d_ifi=-0.010p=0.62 
  V1-RSC    n=6  rot_x= 76.2deg | d_cc1=+0.016p=1  | d_n_sig=-1.000p=0.62  | d_mi_sig=-0.007p=0.84  | d_ifi=-0.013p=0.56 
[non-learners]
  CA1-RSC   n=3  rot_x= 82.6deg | d_cc1=+0.079p=1  | d_n_sig=+1.000p=1  | d_mi_sig=+0.006p=0.75  | d_ifi=+0.037p=1 

=== DIMS-as-n (n = significant canonical dimensions; power check) ===
[dims-as-n: learners]  (sig dims pooled; signed-rank d=cued−uncued vs 0)
  CA1-RSC   n_dims=18  | d_cc=+0.101 p=0.83  | d_ifi=+0.035 p=0.11 
  CA1-CA3   n_dims=14  | d_cc=+0.004 p=0.5  | d_ifi=+0.035 p=0.025*
  CA1-DG    n_dims=23  | d_cc=+0.126 p=0.0021* | d_ifi=+0.046 p=0.028*
  CA1-V1    n_dims=19  | d_cc=+0.123 p=0.16  | d_ifi=+0.015 p=0.28 
  CA3-DG    n_dims=19  | d_cc=+0.060 p=0.17  | d_ifi=+0.019 p=0.42 
  CA1-SUB   n_dims=8   | d_cc=+0.152 p=0.0078* | d_ifi=+0.056 p=0.039*
  RSC-SUB   n_dims=10  | d_cc=+0.094 p=0.49  | d_ifi=+0.016 p=1 
  V1-RSC    n_dims=29  | d_cc=-0.091 p=0.25  | d_ifi=-0.003 p=0.86 
[dims-as-n: all (learners + non)]  (sig dims pooled; signed-rank d=cued−uncued vs 0)
  CA1-RSC   n_dims=31  | d_cc=+0.079 p=0.9  | d_ifi=-0.011 p=0.95 
  CA1-CA3   n_dims=24  | d_cc=+0.077 p=0.12  | d_ifi=+0.035 p=0.019*
  CA1-DG    n_dims=35  | d_cc=+0.195 p=9.7e-07* | d_ifi=+0.007 p=0.67 
  CA1-V1    n_dims=33  | d_cc=+0.158 p=0.018* | d_ifi=+0.016 p=0.068 
  CA3-DG    n_dims=26  | d_cc=+0.179 p=0.036* | d_ifi=+0.019 p=0.059 
  CA1-SUB   n_dims=17  | d_cc=+0.145 p=0.22  | d_ifi=+0.058 p=0.00021*
  RSC-SUB   n_dims=20  | d_cc=+0.099 p=0.67  | d_ifi=+0.017 p=0.2 
  V1-RSC    n_dims=42  | d_cc=+0.085 p=0.38  | d_ifi=-0.010 p=0.28 
=== DONE smoothed fsincl Wed Jun 17 01:32:36 BST 2026 ===
